node.exe : [baseline-browser-mapping] The data in this 
module is over two months old.  To ensure accurate 
Baseline data, please update: `npm i 
baseline-browser-mapping@latest -D`
At C:\Program Files\nodejs\npm.ps1:29 char:3
+   & $NODE_EXE $NPM_CLI_JS $args
+   ~~~~~~~~~~~~~~~~~~~~~~~~~~~~~
    + CategoryInfo          : NotSpecified: ([baseline- 
   brows...ping@latest -D`:String) [], RemoteException
    + FullyQualifiedErrorId : NativeCommandError
 
[baseline-browser-mapping] The data in this module is 
over two months old.  To ensure accurate Baseline data, 
please update: `npm i baseline-browser-mapping@latest 
-D`
[baseline-browser-mapping] The data in this module is 
over two months old.  To ensure accurate Baseline data, 
please update: `npm i baseline-browser-mapping@latest 
-D`

> Build error occurred
Error: Turbopack build failed with 1 errors:
./src/app/dashboard/farmer/settings/page.tsx:405:6
Parsing ecmascript source code failed
[0m [90m 403 |[39m             [33m<[39m[33m/[39m
[33mFarmerDashboardLayout[39m[33m>[39m
 [90m 404 |[39m         )[33m;[39m
[31m[1m>[22m[39m[90m 405 |[39m     }
 [90m     |[39m      [31m[1m^[22m[39m
 [90m 406 |[39m[0m

Expected ',', got '<eof>'


    at <unknown> 
(./src/app/dashboard/farmer/settings/page.tsx:405:6)
